
> frontend@0.0.0 build
> vite build

[36mvite v7.3.1 [32mbuilding client environment for production...[36m[39m
transforming...
[32mΓ£ô[39m 3 modules transformed.
Γ£ù Build failed in 128ms
error during build:
[vite:esbuild] Transform failed with 1 error:
C:/Users/Adu/OneDrive - Ashesi University/Desktop/main/Academics/Grad/SEM-2/ICS554_Natural_Language_Processing/04_Assignments_Prosits/prosit-2/frontend/src/App.jsx:13:7: ERROR: The symbol "CareersPage" has already been declared
file: C:/Users/Adu/OneDrive - Ashesi University/Desktop/main/Academics/Grad/SEM-2/ICS554_Natural_Language_Processing/04_Assignments_Prosits/prosit-2/frontend/src/App.jsx:13:7

The symbol "CareersPage" has already been declared
11 |  import BlogPage from './pages/BlogPage';
12 |  import CareersPage from './pages/CareersPage';
13 |  import CareersPage from './pages/CareersPage';
   |         ^
14 |  import ContactPage from './pages/ContactPage';
15 |  import LoginModal from './components/LoginModal';

    at failureErrorWithLog (C:\Users\Adu\OneDrive - Ashesi University\Desktop\main\Academics\Grad\SEM-2\ICS554_Natural_Language_Processing\04_Assignments_Prosits\prosit-2\frontend\node_modules\esbuild\lib\main.js:1467:15)
    at C:\Users\Adu\OneDrive - Ashesi University\Desktop\main\Academics\Grad\SEM-2\ICS554_Natural_Language_Processing\04_Assignments_Prosits\prosit-2\frontend\node_modules\esbuild\lib\main.js:736:50
    at responseCallbacks.<computed> (C:\Users\Adu\OneDrive - Ashesi University\Desktop\main\Academics\Grad\SEM-2\ICS554_Natural_Language_Processing\04_Assignments_Prosits\prosit-2\frontend\node_modules\esbuild\lib\main.js:603:9)
    at handleIncomingPacket (C:\Users\Adu\OneDrive - Ashesi University\Desktop\main\Academics\Grad\SEM-2\ICS554_Natural_Language_Processing\04_Assignments_Prosits\prosit-2\frontend\node_modules\esbuild\lib\main.js:658:12)
    at Socket.readFromStdout (C:\Users\Adu\OneDrive - Ashesi University\Desktop\main\Academics\Grad\SEM-2\ICS554_Natural_Language_Processing\04_Assignments_Prosits\prosit-2\frontend\node_modules\esbuild\lib\main.js:581:7)
    at Socket.emit (node:events:508:28)
    at addChunk (node:internal/streams/readable:559:12)
    at readableAddChunkPushByteMode (node:internal/streams/readable:510:3)
    at Readable.push (node:internal/streams/readable:390:5)
    at Pipe.onStreamRead (node:internal/stream_base_commons:189:23)
